Configuration file: F:/lpsandaruwan.github.io/_config.yml
            Source: F:/lpsandaruwan.github.io
       Destination: F:/lpsandaruwan.github.io/_site
 Incremental build: disabled. Enable with --incremental
      Generating... 
       Jekyll Feed: Generating feed for posts
[31m  Liquid Exception: Liquid syntax error (F:/lpsandaruwan.github.io/_includes/head.html line 5): Unknown tag 'seo' included in F:/lpsandaruwan.github.io/_layouts/default.html[0m
bundler: failed to load command: jekyll (C:/Users/lpsan/AppData/Local/Microsoft/WindowsApps/jekyll)
C:/Users/lpsan/.local/share/gem/ruby/3.3.0/gems/liquid-4.0.4/lib/liquid/document.rb:23:in `unknown_tag': Liquid syntax error (F:/lpsandaruwan.github.io/_includes/head.html line 5): Unknown tag 'seo' included  (Liquid::SyntaxError)
	from C:/Users/lpsan/.local/share/gem/ruby/3.3.0/gems/liquid-4.0.4/lib/liquid/document.rb:11:in `block in parse'
	from C:/Users/lpsan/.local/share/gem/ruby/3.3.0/gems/liquid-4.0.4/lib/liquid/block_body.rb:32:in `parse'
	from C:/Users/lpsan/.local/share/gem/ruby/3.3.0/gems/liquid-4.0.4/lib/liquid/document.rb:10:in `parse'
	from C:/Users/lpsan/.local/share/gem/ruby/3.3.0/gems/liquid-4.0.4/lib/liquid/document.rb:5:in `parse'
	from C:/Users/lpsan/.local/share/gem/ruby/3.3.0/gems/liquid-4.0.4/lib/liquid/template.rb:130:in `parse'
	from C:/Users/lpsan/.local/share/gem/ruby/3.3.0/gems/liquid-4.0.4/lib/liquid/template.rb:114:in `parse'
	from C:/Users/lpsan/.local/share/gem/ruby/3.3.0/gems/jekyll-4.4.1/lib/jekyll/liquid_renderer/file.rb:13:in `block in parse'
	from C:/Users/lpsan/.local/share/gem/ruby/3.3.0/gems/jekyll-4.4.1/lib/jekyll/liquid_renderer/file.rb:70:in `measure_time'
	from C:/Users/lpsan/.local/share/gem/ruby/3.3.0/gems/jekyll-4.4.1/lib/jekyll/liquid_renderer/file.rb:12:in `parse'
	from C:/Users/lpsan/.local/share/gem/ruby/3.3.0/gems/jekyll-4.4.1/lib/jekyll/inclusion.rb:15:in `render'
	from C:/Users/lpsan/.local/share/gem/ruby/3.3.0/gems/jekyll-4.4.1/lib/jekyll/tags/include.rb:208:in `block in render'
	from C:/Users/lpsan/.local/share/gem/ruby/3.3.0/gems/liquid-4.0.4/lib/liquid/context.rb:123:in `stack'
	from C:/Users/lpsan/.local/share/gem/ruby/3.3.0/gems/jekyll-4.4.1/lib/jekyll/tags/include.rb:206:in `render'
	from C:/Users/lpsan/.local/share/gem/ruby/3.3.0/gems/liquid-4.0.4/lib/liquid/block_body.rb:103:in `render_node_to_output'
	from C:/Users/lpsan/.local/share/gem/ruby/3.3.0/gems/liquid-4.0.4/lib/liquid/block_body.rb:91:in `render'
	from C:/Users/lpsan/.local/share/gem/ruby/3.3.0/gems/liquid-4.0.4/lib/liquid/template.rb:206:in `block in render'
	from C:/Users/lpsan/.local/share/gem/ruby/3.3.0/gems/liquid-4.0.4/lib/liquid/template.rb:240:in `with_profiling'
	from C:/Users/lpsan/.local/share/gem/ruby/3.3.0/gems/liquid-4.0.4/lib/liquid/template.rb:205:in `render'
	from C:/Users/lpsan/.local/share/gem/ruby/3.3.0/gems/liquid-4.0.4/lib/liquid/template.rb:218:in `render!'
	from C:/Users/lpsan/.local/share/gem/ruby/3.3.0/gems/jekyll-4.4.1/lib/jekyll/liquid_renderer/file.rb:39:in `block (3 levels) in render!'
	from C:/Users/lpsan/.local/share/gem/ruby/3.3.0/gems/jekyll-4.4.1/lib/jekyll/liquid_renderer/file.rb:59:in `measure_counts'
	from C:/Users/lpsan/.local/share/gem/ruby/3.3.0/gems/jekyll-4.4.1/lib/jekyll/liquid_renderer/file.rb:38:in `block (2 levels) in render!'
	from C:/Users/lpsan/.local/share/gem/ruby/3.3.0/gems/jekyll-4.4.1/lib/jekyll/liquid_renderer/file.rb:63:in `measure_bytes'
	from C:/Users/lpsan/.local/share/gem/ruby/3.3.0/gems/jekyll-4.4.1/lib/jekyll/liquid_renderer/file.rb:37:in `block in render!'
	from C:/Users/lpsan/.local/share/gem/ruby/3.3.0/gems/jekyll-4.4.1/lib/jekyll/liquid_renderer/file.rb:70:in `measure_time'
	from C:/Users/lpsan/.local/share/gem/ruby/3.3.0/gems/jekyll-4.4.1/lib/jekyll/liquid_renderer/file.rb:36:in `render!'
	from C:/Users/lpsan/.local/share/gem/ruby/3.3.0/gems/jekyll-4.4.1/lib/jekyll/renderer.rb:129:in `render_liquid'
	from C:/Users/lpsan/.local/share/gem/ruby/3.3.0/gems/jekyll-4.4.1/lib/jekyll/renderer.rb:192:in `render_layout'
	from C:/Users/lpsan/.local/share/gem/ruby/3.3.0/gems/jekyll-4.4.1/lib/jekyll/renderer.rb:161:in `place_in_layouts'
	from C:/Users/lpsan/.local/share/gem/ruby/3.3.0/gems/jekyll-4.4.1/lib/jekyll/renderer.rb:93:in `render_document'
	from C:/Users/lpsan/.local/share/gem/ruby/3.3.0/gems/jekyll-4.4.1/lib/jekyll/renderer.rb:63:in `run'
	from C:/Users/lpsan/.local/share/gem/ruby/3.3.0/gems/jekyll-4.4.1/lib/jekyll/site.rb:572:in `render_regenerated'
	from C:/Users/lpsan/.local/share/gem/ruby/3.3.0/gems/jekyll-4.4.1/lib/jekyll/site.rb:557:in `block (2 levels) in render_docs'
	from C:/Users/lpsan/.local/share/gem/ruby/3.3.0/gems/jekyll-4.4.1/lib/jekyll/site.rb:556:in `each'
	from C:/Users/lpsan/.local/share/gem/ruby/3.3.0/gems/jekyll-4.4.1/lib/jekyll/site.rb:556:in `block in render_docs'
	from C:/Users/lpsan/.local/share/gem/ruby/3.3.0/gems/jekyll-4.4.1/lib/jekyll/site.rb:555:in `each_value'
	from C:/Users/lpsan/.local/share/gem/ruby/3.3.0/gems/jekyll-4.4.1/lib/jekyll/site.rb:555:in `render_docs'
	from C:/Users/lpsan/.local/share/gem/ruby/3.3.0/gems/jekyll-4.4.1/lib/jekyll/site.rb:210:in `render'
	from C:/Users/lpsan/.local/share/gem/ruby/3.3.0/gems/jekyll-4.4.1/lib/jekyll/site.rb:80:in `process'
	from C:/Users/lpsan/.local/share/gem/ruby/3.3.0/gems/jekyll-4.4.1/lib/jekyll/command.rb:28:in `process_site'
	from C:/Users/lpsan/.local/share/gem/ruby/3.3.0/gems/jekyll-4.4.1/lib/jekyll/commands/build.rb:65:in `build'
	from C:/Users/lpsan/.local/share/gem/ruby/3.3.0/gems/jekyll-4.4.1/lib/jekyll/commands/build.rb:36:in `process'
	from C:/Users/lpsan/.local/share/gem/ruby/3.3.0/gems/jekyll-4.4.1/lib/jekyll/command.rb:91:in `block in process_with_graceful_fail'
	from C:/Users/lpsan/.local/share/gem/ruby/3.3.0/gems/jekyll-4.4.1/lib/jekyll/command.rb:91:in `each'
	from C:/Users/lpsan/.local/share/gem/ruby/3.3.0/gems/jekyll-4.4.1/lib/jekyll/command.rb:91:in `process_with_graceful_fail'
	from C:/Users/lpsan/.local/share/gem/ruby/3.3.0/gems/jekyll-4.4.1/lib/jekyll/commands/build.rb:18:in `block (2 levels) in init_with_program'
	from C:/Users/lpsan/.local/share/gem/ruby/3.3.0/gems/mercenary-0.4.0/lib/mercenary/command.rb:221:in `block in execute'
	from C:/Users/lpsan/.local/share/gem/ruby/3.3.0/gems/mercenary-0.4.0/lib/mercenary/command.rb:221:in `each'
	from C:/Users/lpsan/.local/share/gem/ruby/3.3.0/gems/mercenary-0.4.0/lib/mercenary/command.rb:221:in `execute'
	from C:/Users/lpsan/.local/share/gem/ruby/3.3.0/gems/mercenary-0.4.0/lib/mercenary/program.rb:44:in `go'
	from C:/Users/lpsan/.local/share/gem/ruby/3.3.0/gems/mercenary-0.4.0/lib/mercenary.rb:21:in `program'
	from C:/Users/lpsan/.local/share/gem/ruby/3.3.0/gems/jekyll-4.4.1/exe/jekyll:15:in `<top (required)>'
	from C:/Users/lpsan/AppData/Local/Microsoft/WindowsApps/jekyll:25:in `load'
	from C:/Users/lpsan/AppData/Local/Microsoft/WindowsApps/jekyll:25:in `<top (required)>'
	from C:/Users/lpsan/.local/share/gem/ruby/3.3.0/gems/bundler-4.0.1/lib/bundler/cli/exec.rb:61:in `load'
	from C:/Users/lpsan/.local/share/gem/ruby/3.3.0/gems/bundler-4.0.1/lib/bundler/cli/exec.rb:61:in `kernel_load'
	from C:/Users/lpsan/.local/share/gem/ruby/3.3.0/gems/bundler-4.0.1/lib/bundler/cli/exec.rb:24:in `run'
	from C:/Users/lpsan/.local/share/gem/ruby/3.3.0/gems/bundler-4.0.1/lib/bundler/cli.rb:500:in `exec'
	from C:/Users/lpsan/.local/share/gem/ruby/3.3.0/gems/bundler-4.0.1/lib/bundler/vendor/thor/lib/thor/command.rb:28:in `run'
	from C:/Users/lpsan/.local/share/gem/ruby/3.3.0/gems/bundler-4.0.1/lib/bundler/vendor/thor/lib/thor/invocation.rb:127:in `invoke_command'
	from C:/Users/lpsan/.local/share/gem/ruby/3.3.0/gems/bundler-4.0.1/lib/bundler/vendor/thor/lib/thor.rb:538:in `dispatch'
	from C:/Users/lpsan/.local/share/gem/ruby/3.3.0/gems/bundler-4.0.1/lib/bundler/cli.rb:35:in `dispatch'
	from C:/Users/lpsan/.local/share/gem/ruby/3.3.0/gems/bundler-4.0.1/lib/bundler/vendor/thor/lib/thor/base.rb:584:in `start'
	from C:/Users/lpsan/.local/share/gem/ruby/3.3.0/gems/bundler-4.0.1/lib/bundler/cli.rb:29:in `start'
	from C:/Users/lpsan/.local/share/gem/ruby/3.3.0/gems/bundler-4.0.1/exe/bundle:28:in `block in <top (required)>'
	from C:/Users/lpsan/.local/share/gem/ruby/3.3.0/gems/bundler-4.0.1/lib/bundler/friendly_errors.rb:118:in `with_friendly_errors'
	from C:/Users/lpsan/.local/share/gem/ruby/3.3.0/gems/bundler-4.0.1/exe/bundle:20:in `<top (required)>'
	from C:/Ruby33-x64/bin/bundle:33:in `load'
	from C:/Ruby33-x64/bin/bundle:33:in `<main>'
